// Jest Snapshot v1, https://goo.gl/fbAQLP

exports[`<Button/> component renders correctly 1`] = `
<button
  className="active"
  id={1}
  onClick={[MockFunction]}
>
  Add to cart
</button>
`;
